C:\Users\joche\OneDrive\Documenten\GitClones\scrumgameai\.venv\Lib\site-packages\torch\_subclasses\functional_tensor.py:307: UserWarning: Failed to initialize NumPy: No module named 'numpy' (Triggered internally at C:\actions-runner\_work\pytorch\pytorch\pytorch\torch\csrc\utils\tensor_numpy.cpp:84.)
  cpu = _conversion_method_template(device=torch.device("cpu"))
C:\Users\joche\OneDrive\Documenten\GitClones\scrumgameai\.venv\Lib\site-packages\torch\_subclasses\functional_tensor.py:307: UserWarning: Failed to initialize NumPy: No module named 'numpy' (Triggered internally at C:\actions-runner\_work\pytorch\pytorch\pytorch\torch\csrc\utils\tensor_numpy.cpp:84.)
  cpu = _conversion_method_template(device=torch.device("cpu"))
Traceback (most recent call last):
  File "C:\Users\joche\OneDrive\Documenten\GitClones\scrumgameai\game\v2_deep_rl\evaluate_ddqn_robustness.py", line 199, in <module>
    main()
    ~~~~^^
  File "C:\Users\joche\OneDrive\Documenten\GitClones\scrumgameai\game\v2_deep_rl\evaluate_ddqn_robustness.py", line 189, in main
    checkpoint_path = resolve_checkpoint_path(run_dir)
  File "C:\Users\joche\OneDrive\Documenten\GitClones\scrumgameai\game\v2_deep_rl\evaluate_ddqn_robustness.py", line 103, in resolve_checkpoint_path
    raise FileNotFoundError(
        f"Checkpoint not found: {checkpoint_path}. Expected best_scrum_model.pth inside the run's checkpoints folder."
    )
FileNotFoundError: Checkpoint not found: C:\Users\joche\OneDrive\Documenten\GitClones\scrumgameai\game\v2_deep_rl\artifacts\runs\run_2026-04-16_2059_second_run_after_fixing_staying_active_v6\checkpoints\best_scrum_model.pth. Expected best_scrum_model.pth inside the run's checkpoints folder.
C:\Users\joche\OneDrive\Documenten\GitClones\scrumgameai\.venv\Lib\site-packages\torch\_subclasses\functional_tensor.py:307: UserWarning: Failed to initialize NumPy: No module named 'numpy' (Triggered internally at C:\actions-runner\_work\pytorch\pytorch\pytorch\torch\csrc\utils\tensor_numpy.cpp:84.)
  cpu = _conversion_method_template(device=torch.device("cpu"))
C:\Users\joche\OneDrive\Documenten\GitClones\scrumgameai\.venv\Lib\site-packages\torch\_subclasses\functional_tensor.py:307: UserWarning: Failed to initialize NumPy: No module named 'numpy' (Triggered internally at C:\actions-runner\_work\pytorch\pytorch\pytorch\torch\csrc\utils\tensor_numpy.cpp:84.)
  cpu = _conversion_method_template(device=torch.device("cpu"))
Traceback (most recent call last):
  File "C:\Users\joche\OneDrive\Documenten\GitClones\scrumgameai\game\v2_deep_rl\evaluate_ddqn_robustness.py", line 199, in <module>
    main()
    ~~~~^^
  File "C:\Users\joche\OneDrive\Documenten\GitClones\scrumgameai\game\v2_deep_rl\evaluate_ddqn_robustness.py", line 189, in main
    checkpoint_path = resolve_checkpoint_path(run_dir)
  File "C:\Users\joche\OneDrive\Documenten\GitClones\scrumgameai\game\v2_deep_rl\evaluate_ddqn_robustness.py", line 103, in resolve_checkpoint_path
    raise FileNotFoundError(
        f"Checkpoint not found: {checkpoint_path}. Expected best_scrum_model.pth inside the run's checkpoints folder."
    )
FileNotFoundError: Checkpoint not found: C:\Users\joche\OneDrive\Documenten\GitClones\scrumgameai\game\v2_deep_rl\artifacts\runs\run_2026-04-16_2059_second_run_after_fixing_staying_active_v6\checkpoints\best_scrum_model.pth. Expected best_scrum_model.pth inside the run's checkpoints folder.
